
Warning: Constant OCTO_PRINT_DESIGNER_TESTING already defined in /workspaces/yprint_designtool/tests/bootstrap.php on line 28
PHP Warning:  Constant OCTO_PRINT_DESIGNER_TESTING already defined in /workspaces/yprint_designtool/tests/bootstrap.php on line 28
Warning: WordPress test suite not found. Using mock environment.
Mock WordPress environment initialized for testing

Warning: Constant OCTO_PRINT_DESIGNER_VERSION already defined in /workspaces/yprint_designtool/tests/bootstrap.php on line 71

Warning: Constant OCTO_PRINT_DESIGNER_VERSION already defined in /workspaces/yprint_designtool/octo-print-designer.php on line 38

Warning: Constant OCTO_PRINT_DESIGNER_PATH already defined in /workspaces/yprint_designtool/octo-print-designer.php on line 39

Warning: Constant OCTO_PRINT_DESIGNER_URL already defined in /workspaces/yprint_designtool/octo-print-designer.php on line 40
PHPUnit 9.6.29 by Sebastian Bergmann and contributors.

Error in bootstrap script: Error:
Call to undefined function register_activation_hook()
#0 /workspaces/yprint_designtool/tests/bootstrap.php(76): require()
#1 /workspaces/yprint_designtool/tests/MockWordPressEnvironment.php(351): _manually_load_plugin()
#2 /workspaces/yprint_designtool/tests/bootstrap.php(126): tests_add_filter()
#3 /workspaces/yprint_designtool/vendor/phpunit/phpunit/src/Util/FileLoader.php(66): include_once('...')
#4 /workspaces/yprint_designtool/vendor/phpunit/phpunit/src/Util/FileLoader.php(49): PHPUnit\Util\FileLoader::load()
#5 /workspaces/yprint_designtool/vendor/phpunit/phpunit/src/TextUI/Command.php(567): PHPUnit\Util\FileLoader::checkAndLoad()
#6 /workspaces/yprint_designtool/vendor/phpunit/phpunit/src/TextUI/Command.php(347): PHPUnit\TextUI\Command->handleBootstrap()
#7 /workspaces/yprint_designtool/vendor/phpunit/phpunit/src/TextUI/Command.php(114): PHPUnit\TextUI\Command->handleArguments()
#8 /workspaces/yprint_designtool/vendor/phpunit/phpunit/src/TextUI/Command.php(99): PHPUnit\TextUI\Command->run()
#9 /workspaces/yprint_designtool/vendor/phpunit/phpunit/phpunit(107): PHPUnit\TextUI\Command::main()
#10 /workspaces/yprint_designtool/vendor/bin/phpunit(122): include('...')
#11 {main}
PHP Warning:  Constant OCTO_PRINT_DESIGNER_VERSION already defined in /workspaces/yprint_designtool/tests/bootstrap.php on line 71
PHP Warning:  Constant OCTO_PRINT_DESIGNER_VERSION already defined in /workspaces/yprint_designtool/octo-print-designer.php on line 38
PHP Warning:  Constant OCTO_PRINT_DESIGNER_PATH already defined in /workspaces/yprint_designtool/octo-print-designer.php on line 39
PHP Warning:  Constant OCTO_PRINT_DESIGNER_URL already defined in /workspaces/yprint_designtool/octo-print-designer.php on line 40
Script phpunit --testsuite=unit handling the test:unit event returned with error code 1
